// Jest Snapshot v1, https://goo.gl/fbAQLP

exports[`matches snapshot 1`] = `
<DocumentFragment>
  <div
    class="TodoList"
  >
    <div
      class="NewTodoForm"
    >
      <form>
        <label>
          Todo
        </label>
        <input
          class="NewTodoForm-input"
          id="todo"
          name="todo"
          placeholder="Enter todo"
          type="text"
          value=""
        />
        <button
          class="NewTodoForm-button"
          type="submit"
        >
          Add todo
        </button>
      </form>
    </div>
    <ol
      class="TodoList-items"
    />
  </div>
</DocumentFragment>
`;
